{
  "data": {
    "updateEditeur": {
      "editeur": null,
      "errors": [
        {
          "__typename": "ValidationError",
          "message": "Editeur name \"test\" is already used"
        }
      ]
    }
  }
}
