{
  "data": {
    "createEditeur": {
      "editeur": {
        "id": "17bc9532c1654704a201e53580656f13",
        "nom": "test"
      },
      "errors": null
    }
  }
}
