{
  "data": {
    "updateEditeur": {
      "editeur": {
        "id": "bf6584bb735d4e9cba9fe84cf1009da3",
        "nom": "test"
      },
      "errors": null
    }
  }
}
