{
  "data": {
    "updateEditeur": {
      "editeur": null,
      "errors": [
        {
          "__typename": "InvalidOperationError",
          "message": "Editeur id \"00000000-0000-0000-0000-000000000000\" not found"
        }
      ]
    }
  }
}
