{
  "data": {
    "updateGenre": {
      "genre": null,
      "errors": [
        {
          "__typename": "InvalidOperationError",
          "message": "Genre id \"00000000-0000-0000-0000-000000000000\" not found"
        }
      ]
    }
  }
}
