{
  "data": {
    "updateGenre": {
      "genre": null,
      "errors": [
        {
          "__typename": "ValidationError",
          "message": "Genre name \"test\" is already used"
        }
      ]
    }
  }
}
