{
  "data": {
    "genres": {
      "pageInfo": {
        "hasNextPage": false,
        "hasPreviousPage": false
      },
      "nodes": [
        {
          "id": "411b7fb5347445eb8bd54e1f67291438",
          "nom": "Animation"
        },
        {
          "id": "9d8f75cbfeac48af86aef31c737d1b3f",
          "nom": "Aventures"
        },
        {
          "id": "c91824664a974a16a9f5204a527766c6",
          "nom": "Action"
        },
        {
          "id": "fdac06e314ba48019064b6d87527f7c6",
          "nom": "Anticipation"
        }
      ]
    }
  }
}
